<testsuites id="" name="" tests="4" failures="0" skipped="0" errors="0" time="3.6775530000003056">
<testsuite name="APITests\ParameterisedAPItests.spec.js" timestamp="2025-09-26T10:40:32.722Z" hostname="chromium" tests="4" failures="0" skipped="0" time="2.202" errors="0">
<testcase name="RESTful API Parameterized Tests for MacBook Endpoint › POST: Create MacBook Object with random data" classname="APITests\ParameterisedAPItests.spec.js" time="0.719">
</testcase>
<testcase name="RESTful API Parameterized Tests for MacBook Endpoint › GET: Retrieve all MacBook Objects" classname="APITests\ParameterisedAPItests.spec.js" time="0.287">
</testcase>
<testcase name="RESTful API Parameterized Tests for MacBook Endpoint › PUT: Update MacBook Object with random data" classname="APITests\ParameterisedAPItests.spec.js" time="0.605">
</testcase>
<testcase name="RESTful API Parameterized Tests for MacBook Endpoint › DELETE: Delete MacBook Object" classname="APITests\ParameterisedAPItests.spec.js" time="0.591">
</testcase>
</testsuite>
</testsuites>